
Welcome to Gradle 8.13!

Here are the highlights of this release:
 - Daemon JVM auto-provisioning
 - Enhancements for Scala plugin and JUnit testing
 - Improvements for build authors and plugin developers

For more details see https://docs.gradle.org/8.13/release-notes.html

To honour the JVM settings for this build a single-use Daemon process will be forked. For more on this, please refer to https://docs.gradle.org/8.13/userguide/gradle_daemon.html#sec:disabling_the_daemon in the Gradle documentation.
Daemon will be stopped at the end of the build 

> Configure project :app
e: file:///home/runner/work/tool-deck/tool-deck/app/build.gradle.kts:38:9: Using 'jvmTarget: String' is an error. Please migrate to the compilerOptions DSL. More details are here: https://kotl.in/u1r8ln
gradle/actions: Writing build results to /home/runner/work/_temp/.gradle-actions/build-results/verify-1785043573436.json

FAILURE: Build failed with an exception.

* Where:
Build file '/home/runner/work/tool-deck/tool-deck/app/build.gradle.kts' line: 38

* What went wrong:
Script compilation error:

  Line 38:         jvmTarget = "17"
                   ^ Using 'jvmTarget: String' is an error. Please migrate to the compilerOptions DSL. More details are here: https://kotl.in/u1r8ln

1 error

* Try:
> Run with --stacktrace option to get the stack trace.
> Run with --info or --debug option to get more log output.
> Run with --scan to get full insights.
> Get more help at https://help.gradle.org.

BUILD FAILED in 56s
